[0m
  [1;34m∞€‹[0m   [1;34m‹€[0m            [1;34m€[0m     [1;34m∞€ﬂﬂ€‹[0m  [5;32m‹[0m       [1;34m∞€[0m           [1;34m€[0m
  [1;34m∞€[0m [1;34mﬂ‹ﬂ∞€[0m  [1;34m‹‹‹[0m     [1;34m‹‹€[0m     [1;34m∞€[0m  [1;34m∞€[0m [1;34m∞‹[0m [1;34m∞∞‹‹[0m [1;34m‹‹€‹‹[0m [1;34m‹‹‹[0m   [1;34m‹‹€‹‹[0m  [1;34m‹‹‹[0m  [1;34m‹‹‹[0m
  [1;34m∞€[0m    [1;34m∞€[0m [1;34m€ﬂ[0m [1;34m∞€[0m  [1;34m∞€ﬂ∞€[0m     [1;34m∞€[0m   [1;34m€[0m [1;34m∞€[0m [1;34m∞€[0m    [1;34m∞€[0m [1;34m∞€ﬂ∞€[0m    [1;34m∞€[0m   [1;34m∞€∞€[0m [1;34m∞€[0m  [1;34mﬂ[0m
  [1;34m∞€[0m    [1;34m∞€[0m [1;34m∞€‹‹€ﬂ‹[0m [1;34mﬂ‹‹€[0m     [1;34m∞€‹‹€ﬂ[0m [1;34m∞€[0m [1;34m∞ﬂ‹‹[0m  [1;34m∞€[0m  [1;34mﬂ€‹€ﬂ‹[0m  [1;34m∞€‹[0m  [1;34m∞€‹€[0m [1;34m∞€[0m
[31m±≤≤±±≤≤≤≤≤≤≤[1m    A world conquest strategy game for CNet BBSs    [0;31m€±±±±±≤±[37m
[31m≤±±±≤±±±±±±±±±±±±±±±≤€€≤≤≤≤≤≤€€≤±≤≤±±±≤≤≤≤±±±±≤≤≤≤≤±≤≤≤≤≤±±±≤≤≤±±±±±±±±∞[37m