A furious battle for 4 players~
4 80 17
~~~~~~~~~~~~~~~~~~~~~~~~.........~~~~~~~~~~~~~~~~~~~~~~~~~~~~~~~~~~~~~~~~~~~~~~~
~~~~~~~~~~~~~~~~~~~....c.....~~~~~~~~~~...~~~.......................~........~~~
~~~~~~~~~~~~~~~~~~~..........~~~~~~~~~...~~~........c.........................~~
~~~~~~~~~~~~~~~~~~~~~...c...~~~~~~~~~~...~~...................................~~
~~~~~~~~~~~~~~~~~~~~~~~...~~~~~~~~~~~~~~......................c..........c~~~~~~
~~~~~~~~~~~~~~~~~~~~~~~~.~~~~~~~~~~~~~~c.......c........................~~~~~~~~
~~~~~~~~~~~~~~~~~~~~~~~~~~~~~~~~~~~~~.................c...............~~~~~~~~~~
~~~~~~~~~~~~~~~~~~~~~~~~~~~~~~~~~~~~~~~...............................~~~~~~~~~~
~~~~~............~~..~~~~~~~~~~~~~....~~~.............................~~~~~~~~~~
~~~~~.....c......~..~~~~~~~~~~~~~~...~~~~~~~~~~~~~~~~~~~................c~~~~~~~
~~~~~c............~~~~~~~~~~~~~~~~................~..~~~~........c........~~~~~~
~~~~~~~~~~..c....c~~~~~~~~~~~~~~..........c..........~~~~~c...............~~~~~~
~~~~~~~~~~~~.......~~~~~~~~~~~~~.....c...............~~~~~~~~..~~~~~~....~~~~~~~
~~~~~~~~~~~~~~~~....~~~~~~~~~~~~~~.~~~~~.........c~~~~~~~~~~~.~~~~~~....~~~~~~~~
~~~~~~~~~~~~~~~~~~~.~~~~~~~~~~~~~~~~~~~~..........~~~~~~~~~~~~~~~~~~~.~~~~~~~~~~
~~~~~~~~~~~~~~~~~~~~~~~~~~~~~~~~~~~~~~~~~~c......~~~~~~~~~~~~~~~~~~~~~~~~~~~~~~~
~~~~~~~~~~~~~~~~~~~~~~~~~~~~~~~~~~~~~~~~~~~~...~~~~~~~~~~~~~~~~~~~~~~~~~~~~~~~~~
